><style lang="less">
#^ source.astro meta.scope.tag.style.astro meta.style.astro meta.tag.start.astro punctuation.definition.tag.begin.astro
# ^^^^^ source.astro meta.scope.tag.style.astro meta.style.astro meta.tag.start.astro entity.name.tag.astro
#      ^ source.astro meta.scope.tag.style.astro meta.style.astro meta.lang.less.astro meta.tag.start.astro
#       ^^^^ source.astro meta.scope.tag.style.astro meta.style.astro meta.lang.less.astro meta.tag.start.astro meta.attribute.lang.astro entity.other.attribute-name.astro
#           ^ source.astro meta.scope.tag.style.astro meta.style.astro meta.lang.less.astro meta.tag.start.astro meta.attribute.lang.astro punctuation.separator.key-value.astro
#            ^ source.astro meta.scope.tag.style.astro meta.style.astro meta.lang.less.astro meta.tag.start.astro meta.attribute.lang.astro string.quoted.astro punctuation.definition.string.begin.astro
#             ^^^^ source.astro meta.scope.tag.style.astro meta.style.astro meta.lang.less.astro meta.tag.start.astro meta.attribute.lang.astro string.quoted.astro
#                 ^ source.astro meta.scope.tag.style.astro meta.style.astro meta.lang.less.astro meta.tag.start.astro meta.attribute.lang.astro string.quoted.astro punctuation.definition.string.end.astro
#                  ^ source.astro meta.scope.tag.style.astro meta.style.astro meta.lang.less.astro meta.tag.start.astro punctuation.definition.tag.end.astro
>	@link-color:        #428bca; // sea blue
#^^^^^^^^^^^^^^^^^^^^^^^^^^^^^^^^^^^^^^^^^^ source.astro meta.scope.tag.style.astro meta.style.astro meta.lang.less.astro meta.embedded.block.astro source.css.less
>	@link-color-hover:  darken(@link-color, 10%);
#^^^^^^^^^^^^^^^^^^^^^^^^^^^^^^^^^^^^^^^^^^^^^^^ source.astro meta.scope.tag.style.astro meta.style.astro meta.lang.less.astro meta.embedded.block.astro source.css.less
>
>	a,
#^^^^ source.astro meta.scope.tag.style.astro meta.style.astro meta.lang.less.astro meta.embedded.block.astro source.css.less
>	.link {
#^^^^^^^^^ source.astro meta.scope.tag.style.astro meta.style.astro meta.lang.less.astro meta.embedded.block.astro source.css.less
>		color: @link-color;
#^^^^^^^^^^^^^^^^^^^^^^ source.astro meta.scope.tag.style.astro meta.style.astro meta.lang.less.astro meta.embedded.block.astro source.css.less
>	}
#^^^ source.astro meta.scope.tag.style.astro meta.style.astro meta.lang.less.astro meta.embedded.block.astro source.css.less
></style>
#^^ source.astro meta.scope.tag.style.astro meta.style.astro meta.tag.end.astro punctuation.definition.tag.begin.astro
#  ^^^^^ source.astro meta.scope.tag.style.astro meta.style.astro meta.tag.end.astro entity.name.tag.astro
#       ^ source.astro meta.scope.tag.style.astro meta.style.astro meta.tag.end.astro punctuation.definition.tag.end.astro
>