><style lang="sass">
#^ source.astro meta.scope.tag.style.astro meta.style.astro meta.tag.start.astro punctuation.definition.tag.begin.astro
# ^^^^^ source.astro meta.scope.tag.style.astro meta.style.astro meta.tag.start.astro entity.name.tag.astro
#      ^ source.astro meta.scope.tag.style.astro meta.style.astro meta.lang.sass.astro meta.tag.start.astro
#       ^^^^ source.astro meta.scope.tag.style.astro meta.style.astro meta.lang.sass.astro meta.tag.start.astro meta.attribute.lang.astro entity.other.attribute-name.astro
#           ^ source.astro meta.scope.tag.style.astro meta.style.astro meta.lang.sass.astro meta.tag.start.astro meta.attribute.lang.astro punctuation.separator.key-value.astro
#            ^ source.astro meta.scope.tag.style.astro meta.style.astro meta.lang.sass.astro meta.tag.start.astro meta.attribute.lang.astro string.quoted.astro punctuation.definition.string.begin.astro
#             ^^^^ source.astro meta.scope.tag.style.astro meta.style.astro meta.lang.sass.astro meta.tag.start.astro meta.attribute.lang.astro string.quoted.astro
#                 ^ source.astro meta.scope.tag.style.astro meta.style.astro meta.lang.sass.astro meta.tag.start.astro meta.attribute.lang.astro string.quoted.astro punctuation.definition.string.end.astro
#                  ^ source.astro meta.scope.tag.style.astro meta.style.astro meta.lang.sass.astro meta.tag.start.astro punctuation.definition.tag.end.astro
>	$font-stack: Helvetica, sans-serif
#^^^^^^^^^^^^^^^^^^^^^^^^^^^^^^^^^^^^ source.astro meta.scope.tag.style.astro meta.style.astro meta.lang.sass.astro meta.embedded.block.astro source.sass
>	$primary-color: #333
#^^^^^^^^^^^^^^^^^^^^^^ source.astro meta.scope.tag.style.astro meta.style.astro meta.lang.sass.astro meta.embedded.block.astro source.sass
>
>	body
#^^^^^^ source.astro meta.scope.tag.style.astro meta.style.astro meta.lang.sass.astro meta.embedded.block.astro source.sass
>		font: 100% $font-stack
#^^^^^^^^^^^^^^^^^^^^^^^^^ source.astro meta.scope.tag.style.astro meta.style.astro meta.lang.sass.astro meta.embedded.block.astro source.sass
>		color: $primary-color
#^^^^^^^^^^^^^^^^^^^^^^^^ source.astro meta.scope.tag.style.astro meta.style.astro meta.lang.sass.astro meta.embedded.block.astro source.sass
></style>
#^^ source.astro meta.scope.tag.style.astro meta.style.astro meta.tag.end.astro punctuation.definition.tag.begin.astro
#  ^^^^^ source.astro meta.scope.tag.style.astro meta.style.astro meta.tag.end.astro entity.name.tag.astro
#       ^ source.astro meta.scope.tag.style.astro meta.style.astro meta.tag.end.astro punctuation.definition.tag.end.astro
>