><style>
#^ source.astro meta.scope.tag.style.astro meta.style.astro meta.tag.start.astro punctuation.definition.tag.begin.astro
# ^^^^^ source.astro meta.scope.tag.style.astro meta.style.astro meta.tag.start.astro entity.name.tag.astro
#      ^ source.astro meta.scope.tag.style.astro meta.style.astro meta.tag.start.astro punctuation.definition.tag.end.astro
>  .astro {}
#^^^^^^^^^^^^ source.astro meta.scope.tag.style.astro meta.style.astro meta.embedded.block.astro source.css
></style>
#^^ source.astro meta.scope.tag.style.astro meta.style.astro meta.tag.end.astro punctuation.definition.tag.begin.astro
#  ^^^^^ source.astro meta.scope.tag.style.astro meta.style.astro meta.tag.end.astro entity.name.tag.astro
#       ^ source.astro meta.scope.tag.style.astro meta.style.astro meta.tag.end.astro punctuation.definition.tag.end.astro
>