><script is:raw>
#^ source.astro meta.scope.tag.script.astro meta.raw.astro meta.tag.start.astro punctuation.definition.tag.begin.astro
# ^^^^^^ source.astro meta.scope.tag.script.astro meta.raw.astro meta.tag.start.astro entity.name.tag.astro
#       ^ source.astro meta.scope.tag.script.astro meta.raw.astro source.unknown meta.tag.start.astro
#        ^^^^^^ source.astro meta.scope.tag.script.astro meta.raw.astro source.unknown meta.tag.start.astro meta.attribute.is:raw.astro entity.other.attribute-name.astro
#              ^ source.astro meta.scope.tag.script.astro meta.raw.astro source.unknown meta.tag.start.astro punctuation.definition.tag.end.astro
>	"hello"
#^^^^^^^^^ source.astro meta.scope.tag.script.astro meta.raw.astro source.unknown
></script>
#^^ source.astro meta.scope.tag.script.astro meta.raw.astro meta.tag.end.astro punctuation.definition.tag.begin.astro
#  ^^^^^^ source.astro meta.scope.tag.script.astro meta.raw.astro meta.tag.end.astro entity.name.tag.astro
#        ^ source.astro meta.scope.tag.script.astro meta.raw.astro meta.tag.end.astro punctuation.definition.tag.end.astro
>