><script type="application/ld+json">
#^ source.astro meta.scope.tag.script.astro meta.script.astro meta.tag.start.astro punctuation.definition.tag.begin.astro
# ^^^^^^ source.astro meta.scope.tag.script.astro meta.script.astro meta.tag.start.astro entity.name.tag.astro
#       ^ source.astro meta.scope.tag.script.astro meta.script.astro meta.lang.json.astro meta.tag.start.astro
#        ^^^^ source.astro meta.scope.tag.script.astro meta.script.astro meta.lang.json.astro meta.tag.start.astro meta.attribute.type.astro entity.other.attribute-name.astro
#            ^ source.astro meta.scope.tag.script.astro meta.script.astro meta.lang.json.astro meta.tag.start.astro meta.attribute.type.astro punctuation.separator.key-value.astro
#             ^ source.astro meta.scope.tag.script.astro meta.script.astro meta.lang.json.astro meta.tag.start.astro meta.attribute.type.astro string.quoted.astro punctuation.definition.string.begin.astro
#              ^^^^^^^^^^^^^^^^^^^ source.astro meta.scope.tag.script.astro meta.script.astro meta.lang.json.astro meta.tag.start.astro meta.attribute.type.astro string.quoted.astro
#                                 ^ source.astro meta.scope.tag.script.astro meta.script.astro meta.lang.json.astro meta.tag.start.astro meta.attribute.type.astro string.quoted.astro punctuation.definition.string.end.astro
#                                  ^ source.astro meta.scope.tag.script.astro meta.script.astro meta.lang.json.astro meta.tag.start.astro punctuation.definition.tag.end.astro
>  {
#^^^^ source.astro meta.scope.tag.script.astro meta.script.astro meta.lang.json.astro meta.embedded.block.astro source.json
>    "@context": "https://schema.org/",
#^^^^^^^^^^^^^^^^^^^^^^^^^^^^^^^^^^^^^^^ source.astro meta.scope.tag.script.astro meta.script.astro meta.lang.json.astro meta.embedded.block.astro source.json
>    "@type": "Recipe",
#^^^^^^^^^^^^^^^^^^^^^^^ source.astro meta.scope.tag.script.astro meta.script.astro meta.lang.json.astro meta.embedded.block.astro source.json
>    "name": "Party Coffee Cake",
#^^^^^^^^^^^^^^^^^^^^^^^^^^^^^^^^^ source.astro meta.scope.tag.script.astro meta.script.astro meta.lang.json.astro meta.embedded.block.astro source.json
>    "author": {
#^^^^^^^^^^^^^^^^ source.astro meta.scope.tag.script.astro meta.script.astro meta.lang.json.astro meta.embedded.block.astro source.json
>      "@type": "Person",
#^^^^^^^^^^^^^^^^^^^^^^^^^ source.astro meta.scope.tag.script.astro meta.script.astro meta.lang.json.astro meta.embedded.block.astro source.json
>      "name": "Mary Stone"
#^^^^^^^^^^^^^^^^^^^^^^^^^^^ source.astro meta.scope.tag.script.astro meta.script.astro meta.lang.json.astro meta.embedded.block.astro source.json
>    },
#^^^^^^^ source.astro meta.scope.tag.script.astro meta.script.astro meta.lang.json.astro meta.embedded.block.astro source.json
>    "datePublished": "2018-03-10",
#^^^^^^^^^^^^^^^^^^^^^^^^^^^^^^^^^^^ source.astro meta.scope.tag.script.astro meta.script.astro meta.lang.json.astro meta.embedded.block.astro source.json
>    "description": "This coffee cake is awesome and perfect for parties.",
#^^^^^^^^^^^^^^^^^^^^^^^^^^^^^^^^^^^^^^^^^^^^^^^^^^^^^^^^^^^^^^^^^^^^^^^^^^^ source.astro meta.scope.tag.script.astro meta.script.astro meta.lang.json.astro meta.embedded.block.astro source.json
>    "prepTime": "PT20M"
#^^^^^^^^^^^^^^^^^^^^^^^^ source.astro meta.scope.tag.script.astro meta.script.astro meta.lang.json.astro meta.embedded.block.astro source.json
>  }
#^^^^ source.astro meta.scope.tag.script.astro meta.script.astro meta.lang.json.astro meta.embedded.block.astro source.json
></script>
#^^ source.astro meta.scope.tag.script.astro meta.script.astro meta.tag.end.astro punctuation.definition.tag.begin.astro
#  ^^^^^^ source.astro meta.scope.tag.script.astro meta.script.astro meta.tag.end.astro entity.name.tag.astro
#        ^ source.astro meta.scope.tag.script.astro meta.script.astro meta.tag.end.astro punctuation.definition.tag.end.astro
>