><script type="text/javascript">
#^ source.astro meta.scope.tag.script.astro meta.script.astro meta.tag.start.astro punctuation.definition.tag.begin.astro
# ^^^^^^ source.astro meta.scope.tag.script.astro meta.script.astro meta.tag.start.astro entity.name.tag.astro
#       ^ source.astro meta.scope.tag.script.astro meta.script.astro meta.lang.javascript.astro meta.tag.start.astro
#        ^^^^ source.astro meta.scope.tag.script.astro meta.script.astro meta.lang.javascript.astro meta.tag.start.astro meta.attribute.type.astro entity.other.attribute-name.astro
#            ^ source.astro meta.scope.tag.script.astro meta.script.astro meta.lang.javascript.astro meta.tag.start.astro meta.attribute.type.astro punctuation.separator.key-value.astro
#             ^ source.astro meta.scope.tag.script.astro meta.script.astro meta.lang.javascript.astro meta.tag.start.astro meta.attribute.type.astro string.quoted.astro punctuation.definition.string.begin.astro
#              ^^^^^^^^^^^^^^^ source.astro meta.scope.tag.script.astro meta.script.astro meta.lang.javascript.astro meta.tag.start.astro meta.attribute.type.astro string.quoted.astro
#                             ^ source.astro meta.scope.tag.script.astro meta.script.astro meta.lang.javascript.astro meta.tag.start.astro meta.attribute.type.astro string.quoted.astro punctuation.definition.string.end.astro
#                              ^ source.astro meta.scope.tag.script.astro meta.script.astro meta.lang.javascript.astro meta.tag.start.astro punctuation.definition.tag.end.astro
>	console.log("")
#^^^^^^^^^^^^^^^^^ source.astro meta.scope.tag.script.astro meta.script.astro meta.lang.javascript.astro meta.embedded.block.astro source.js
></script>
#^^ source.astro meta.scope.tag.script.astro meta.script.astro meta.tag.end.astro punctuation.definition.tag.begin.astro
#  ^^^^^^ source.astro meta.scope.tag.script.astro meta.script.astro meta.tag.end.astro entity.name.tag.astro
#        ^ source.astro meta.scope.tag.script.astro meta.script.astro meta.tag.end.astro punctuation.definition.tag.end.astro
>
><script type="text/partytown">
#^ source.astro meta.scope.tag.script.astro meta.script.astro meta.tag.start.astro punctuation.definition.tag.begin.astro
# ^^^^^^ source.astro meta.scope.tag.script.astro meta.script.astro meta.tag.start.astro entity.name.tag.astro
#       ^ source.astro meta.scope.tag.script.astro meta.script.astro meta.lang.partytown.astro meta.tag.start.astro
#        ^^^^ source.astro meta.scope.tag.script.astro meta.script.astro meta.lang.partytown.astro meta.tag.start.astro meta.attribute.type.astro entity.other.attribute-name.astro
#            ^ source.astro meta.scope.tag.script.astro meta.script.astro meta.lang.partytown.astro meta.tag.start.astro meta.attribute.type.astro punctuation.separator.key-value.astro
#             ^ source.astro meta.scope.tag.script.astro meta.script.astro meta.lang.partytown.astro meta.tag.start.astro meta.attribute.type.astro string.quoted.astro punctuation.definition.string.begin.astro
#              ^^^^^^^^^^^^^^ source.astro meta.scope.tag.script.astro meta.script.astro meta.lang.partytown.astro meta.tag.start.astro meta.attribute.type.astro string.quoted.astro
#                            ^ source.astro meta.scope.tag.script.astro meta.script.astro meta.lang.partytown.astro meta.tag.start.astro meta.attribute.type.astro string.quoted.astro punctuation.definition.string.end.astro
#                             ^ source.astro meta.scope.tag.script.astro meta.script.astro meta.lang.partytown.astro meta.tag.start.astro punctuation.definition.tag.end.astro
>	console.log("")
#^^^^^^^^^^^^^^^^^ source.astro meta.scope.tag.script.astro meta.script.astro meta.lang.partytown.astro meta.embedded.block.astro source.js
></script>
#^^ source.astro meta.scope.tag.script.astro meta.script.astro meta.tag.end.astro punctuation.definition.tag.begin.astro
#  ^^^^^^ source.astro meta.scope.tag.script.astro meta.script.astro meta.tag.end.astro entity.name.tag.astro
#        ^ source.astro meta.scope.tag.script.astro meta.script.astro meta.tag.end.astro punctuation.definition.tag.end.astro
>
><script type="application/javascript">
#^ source.astro meta.scope.tag.script.astro meta.script.astro meta.tag.start.astro punctuation.definition.tag.begin.astro
# ^^^^^^ source.astro meta.scope.tag.script.astro meta.script.astro meta.tag.start.astro entity.name.tag.astro
#       ^ source.astro meta.scope.tag.script.astro meta.script.astro meta.lang.javascript.astro meta.tag.start.astro
#        ^^^^ source.astro meta.scope.tag.script.astro meta.script.astro meta.lang.javascript.astro meta.tag.start.astro meta.attribute.type.astro entity.other.attribute-name.astro
#            ^ source.astro meta.scope.tag.script.astro meta.script.astro meta.lang.javascript.astro meta.tag.start.astro meta.attribute.type.astro punctuation.separator.key-value.astro
#             ^ source.astro meta.scope.tag.script.astro meta.script.astro meta.lang.javascript.astro meta.tag.start.astro meta.attribute.type.astro string.quoted.astro punctuation.definition.string.begin.astro
#              ^^^^^^^^^^^^^^^^^^^^^^ source.astro meta.scope.tag.script.astro meta.script.astro meta.lang.javascript.astro meta.tag.start.astro meta.attribute.type.astro string.quoted.astro
#                                    ^ source.astro meta.scope.tag.script.astro meta.script.astro meta.lang.javascript.astro meta.tag.start.astro meta.attribute.type.astro string.quoted.astro punctuation.definition.string.end.astro
#                                     ^ source.astro meta.scope.tag.script.astro meta.script.astro meta.lang.javascript.astro meta.tag.start.astro punctuation.definition.tag.end.astro
>	console.log("")
#^^^^^^^^^^^^^^^^^ source.astro meta.scope.tag.script.astro meta.script.astro meta.lang.javascript.astro meta.embedded.block.astro source.js
></script>
#^^ source.astro meta.scope.tag.script.astro meta.script.astro meta.tag.end.astro punctuation.definition.tag.begin.astro
#  ^^^^^^ source.astro meta.scope.tag.script.astro meta.script.astro meta.tag.end.astro entity.name.tag.astro
#        ^ source.astro meta.scope.tag.script.astro meta.script.astro meta.tag.end.astro punctuation.definition.tag.end.astro
>
><script type="application/node">
#^ source.astro meta.scope.tag.script.astro meta.script.astro meta.tag.start.astro punctuation.definition.tag.begin.astro
# ^^^^^^ source.astro meta.scope.tag.script.astro meta.script.astro meta.tag.start.astro entity.name.tag.astro
#       ^ source.astro meta.scope.tag.script.astro meta.script.astro meta.lang.node.astro meta.tag.start.astro
#        ^^^^ source.astro meta.scope.tag.script.astro meta.script.astro meta.lang.node.astro meta.tag.start.astro meta.attribute.type.astro entity.other.attribute-name.astro
#            ^ source.astro meta.scope.tag.script.astro meta.script.astro meta.lang.node.astro meta.tag.start.astro meta.attribute.type.astro punctuation.separator.key-value.astro
#             ^ source.astro meta.scope.tag.script.astro meta.script.astro meta.lang.node.astro meta.tag.start.astro meta.attribute.type.astro string.quoted.astro punctuation.definition.string.begin.astro
#              ^^^^^^^^^^^^^^^^ source.astro meta.scope.tag.script.astro meta.script.astro meta.lang.node.astro meta.tag.start.astro meta.attribute.type.astro string.quoted.astro
#                              ^ source.astro meta.scope.tag.script.astro meta.script.astro meta.lang.node.astro meta.tag.start.astro meta.attribute.type.astro string.quoted.astro punctuation.definition.string.end.astro
#                               ^ source.astro meta.scope.tag.script.astro meta.script.astro meta.lang.node.astro meta.tag.start.astro punctuation.definition.tag.end.astro
>	console.log("")
#^^^^^^^^^^^^^^^^^ source.astro meta.scope.tag.script.astro meta.script.astro meta.lang.node.astro meta.embedded.block.astro source.js
></script>
#^^ source.astro meta.scope.tag.script.astro meta.script.astro meta.tag.end.astro punctuation.definition.tag.begin.astro
#  ^^^^^^ source.astro meta.scope.tag.script.astro meta.script.astro meta.tag.end.astro entity.name.tag.astro
#        ^ source.astro meta.scope.tag.script.astro meta.script.astro meta.tag.end.astro punctuation.definition.tag.end.astro
>